[3908:17732:0120/142153.274:VERBOSE1:media_stream_manager.cc(1533)] MSPL::OnSpeedLimitChange({this=000001FC00156D40}, {new_limit=28})
[3908:17732:0120/142154.275:VERBOSE1:media_stream_manager.cc(1533)] MSPL::OnSpeedLimitChange({this=000001FC00156D40}, {new_limit=27})
[3908:17732:0120/142208.277:VERBOSE1:media_stream_manager.cc(1533)] MSPL::OnSpeedLimitChange({this=000001FC00156D40}, {new_limit=28})
[3908:17732:0120/142247.618:VERBOSE1:media_stream_manager.cc(1533)] MSPL::OnSpeedLimitChange({this=000001FC00156D40}, {new_limit=27})
[3908:17732:0120/142257.620:VERBOSE1:media_stream_manager.cc(1533)] MSPL::OnSpeedLimitChange({this=000001FC00156D40}, {new_limit=28})
[3908:33844:0120/142320.618:VERBOSE1:device_event_log_impl.cc(198)] [14:23:20.617] Display: EVENT: screen_win.cc:893 Displays updated, count: 3
[3908:33844:0120/142320.618:VERBOSE1:device_event_log_impl.cc(198)] [14:23:20.618] Display: EVENT: screen_win.cc:895 Display[1796530101] bounds=[-2560,-428 2560x1441], workarea=[-2560,-428 2560x1393], scale=1.5, rotation=0, panel_rotation=0 external detected
[3908:33844:0120/142320.618:VERBOSE1:device_event_log_impl.cc(198)] [14:23:20.618] Display: EVENT: screen_win.cc:895 Display[2612606704] bounds=[-2562,1013 1281x721], workarea=[-2562,1013 1281x673], scale=1.5, rotation=0, panel_rotation=0 external detected
[3908:33844:0120/142320.618:VERBOSE1:device_event_log_impl.cc(198)] [14:23:20.618] Display: EVENT: screen_win.cc:895 Display[277128153] bounds=[0,0 1707x1067], workarea=[0,0 1707x1019], scale=1.5, rotation=0, panel_rotation=0 external detected
[3908:17732:0120/142329.339:VERBOSE1:media_stream_manager.cc(1533)] MSPL::OnSpeedLimitChange({this=000001FC00156D40}, {new_limit=27})
[3908:23592:0120/142430.108:VERBOSE1:background_downloader_win.cc(478)] Starting BITS download for: http://edgedl.me.gvt1.com/edgedl/release2/chrome_component/adqrav4wrdb7jnbf2spgxwa5kmra_2025.9.29.1/kiabhabjdbkjdpjbpigfodbdjmbglcoo_2025.09.29.01_all_aciqd6qrzuf5m3ruqxyzfitdh3jq.crx3
[3908:45800:0120/142434.147:VERBOSE1:unpacker.cc(66)] Verifying component: C:\Users\brian\AppData\Local\Temp\chrome_BITS_3908_2068282751\kiabhabjdbkjdpjbpigfodbdjmbglcoo_2025.09.29.01_all_aciqd6qrzuf5m3ruqxyzfitdh3jq.crx3
[3908:45800:0120/142434.148:VERBOSE1:unpacker.cc(95)] Unpacking in: C:\Users\brian\AppData\Local\Temp\chrome_Unpacker_BeginUnzipping3908_1298245530
[3908:45800:0120/142434.214:VERBOSE1:component_installer.cc(146)] Install: version=2025.9.29.1 current version=0.0.0.0
[3908:45800:0120/142434.215:VERBOSE1:component_installer.cc(165)] unpack_path=C:\Users\brian\AppData\Local\Temp\chrome_Unpacker_BeginUnzipping3908_1298245530 install_path=C:\Dev\BBanuelos_GAM305\TeamRepo\GAM-305-Unreal-Project\GAM_305_SideScroller\Saved\webcache_6613\TrustTokenKeyCommitments\2025.9.29.1
[3908:33844:0120/142434.230:VERBOSE1:component_installer.cc(572)] Component ready, version 2025.9.29.1 in C:\Dev\BBanuelos_GAM305\TeamRepo\GAM-305-Unreal-Project\GAM_305_SideScroller\Saved\webcache_6613\TrustTokenKeyCommitments\2025.9.29.1
[3908:33844:0120/142434.230:VERBOSE1:trust_token_key_commitments_component_installer_policy.cc(111)] Component ready, version 2025.9.29.1 in C:\Dev\BBanuelos_GAM305\TeamRepo\GAM-305-Unreal-Project\GAM_305_SideScroller\Saved\webcache_6613\TrustTokenKeyCommitments\2025.9.29.1
[3908:23592:0120/142434.231:VERBOSE1:trust_token_key_commitments_component_installer_policy.cc(48)] Reading trust token key commitments from file: C:\Dev\BBanuelos_GAM305\TeamRepo\GAM-305-Unreal-Project\GAM_305_SideScroller\Saved\webcache_6613\TrustTokenKeyCommitments\2025.9.29.1\keys.json
[25152:41832:0120/142434.248:VERBOSE1:trust_token_key_commitment_parser.cc(241)] Successfully parsed 7 issuers' Trust Tokens key commitments.
[25152:41832:0120/142434.248:VERBOSE1:network_delegate.cc(36)] NetworkDelegate::NotifyBeforeURLRequest: https://update.googleapis.com/service/update2/json
[25152:41832:0120/142434.275:VERBOSE1:tls_handshaker.cc(105)] TlsClient: Continuing handshake
[25152:41832:0120/142434.275:VERBOSE1:tls_handshaker.cc(126)] TlsClient: SSL_do_handshake returned when entering early data. After retry, rv=-1, SSL_in_early_data=1
[25152:41832:0120/142434.319:VERBOSE1:tls_handshaker.cc(105)] TlsClient: Continuing handshake
[25152:41832:0120/142434.319:VERBOSE1:tls_handshaker.cc(105)] TlsClient: Continuing handshake
[25152:41832:0120/142434.319:VERBOSE1:tls_client_handshaker.cc(528)] Client: handshake finished
[3908:33844:0120/142434.380:VERBOSE1:request_sender.cc(183)] Request completed from url: https://update.googleapis.com/service/update2/json
[3908:17732:0120/142513.412:VERBOSE1:media_stream_manager.cc(1533)] MSPL::OnSpeedLimitChange({this=000001FC00156D40}, {new_limit=26})
[3908:17732:0120/142518.410:VERBOSE1:media_stream_manager.cc(1533)] MSPL::OnSpeedLimitChange({this=000001FC00156D40}, {new_limit=27})
[3908:33844:0120/142539.716:VERBOSE1:device_event_log_impl.cc(198)] [14:25:39.716] Display: EVENT: screen_win.cc:893 Displays updated, count: 3
[3908:33844:0120/142539.716:VERBOSE1:device_event_log_impl.cc(198)] [14:25:39.716] Display: EVENT: screen_win.cc:895 Display[1796530101] bounds=[-2560,-428 2560x1441], workarea=[-2560,-428 2560x1393], scale=1.5, rotation=0, panel_rotation=0 external detected
[3908:33844:0120/142539.716:VERBOSE1:device_event_log_impl.cc(198)] [14:25:39.716] Display: EVENT: screen_win.cc:895 Display[2612606704] bounds=[-2562,1013 1281x721], workarea=[-2562,1013 1281x673], scale=1.5, rotation=0, panel_rotation=0 external detected
[3908:33844:0120/142539.716:VERBOSE1:device_event_log_impl.cc(198)] [14:25:39.716] Display: EVENT: screen_win.cc:895 Display[277128153] bounds=[0,0 1707x1067], workarea=[0,0 1707x1019], scale=1.5, rotation=0, panel_rotation=0 external detected
[3908:17732:0120/142555.429:VERBOSE1:media_stream_manager.cc(1533)] MSPL::OnSpeedLimitChange({this=000001FC00156D40}, {new_limit=26})
[3908:17732:0120/142600.444:VERBOSE1:media_stream_manager.cc(1533)] MSPL::OnSpeedLimitChange({this=000001FC00156D40}, {new_limit=27})
[3908:17732:0120/142637.457:VERBOSE1:media_stream_manager.cc(1533)] MSPL::OnSpeedLimitChange({this=000001FC00156D40}, {new_limit=26})
[3908:17732:0120/142703.485:VERBOSE1:media_stream_manager.cc(1533)] MSPL::OnSpeedLimitChange({this=000001FC00156D40}, {new_limit=27})
[3908:33844:0120/142717.815:VERBOSE1:device_event_log_impl.cc(198)] [14:27:17.815] Display: EVENT: screen_win.cc:893 Displays updated, count: 3
[3908:33844:0120/142717.815:VERBOSE1:device_event_log_impl.cc(198)] [14:27:17.815] Display: EVENT: screen_win.cc:895 Display[1796530101] bounds=[-2560,-428 2560x1441], workarea=[-2560,-428 2560x1393], scale=1.5, rotation=0, panel_rotation=0 external detected
[3908:33844:0120/142717.815:VERBOSE1:device_event_log_impl.cc(198)] [14:27:17.815] Display: EVENT: screen_win.cc:895 Display[2612606704] bounds=[-2562,1013 1281x721], workarea=[-2562,1013 1281x673], scale=1.5, rotation=0, panel_rotation=0 external detected
[3908:33844:0120/142717.815:VERBOSE1:device_event_log_impl.cc(198)] [14:27:17.815] Display: EVENT: screen_win.cc:895 Display[277128153] bounds=[0,0 1707x1067], workarea=[0,0 1707x1019], scale=1.5, rotation=0, panel_rotation=0 external detected
[3908:17732:0120/142728.490:VERBOSE1:media_stream_manager.cc(1533)] MSPL::OnSpeedLimitChange({this=000001FC00156D40}, {new_limit=26})
[3908:17732:0120/142732.493:VERBOSE1:media_stream_manager.cc(1533)] MSPL::OnSpeedLimitChange({this=000001FC00156D40}, {new_limit=27})
[3908:17732:0120/142748.505:VERBOSE1:media_stream_manager.cc(1533)] MSPL::OnSpeedLimitChange({this=000001FC00156D40}, {new_limit=26})
[3908:17732:0120/142758.515:VERBOSE1:media_stream_manager.cc(1533)] MSPL::OnSpeedLimitChange({this=000001FC00156D40}, {new_limit=27})
[3908:17732:0120/142800.518:VERBOSE1:media_stream_manager.cc(1533)] MSPL::OnSpeedLimitChange({this=000001FC00156D40}, {new_limit=26})
[3908:17732:0120/142804.517:VERBOSE1:media_stream_manager.cc(1533)] MSPL::OnSpeedLimitChange({this=000001FC00156D40}, {new_limit=27})
[3908:17732:0120/142816.850:VERBOSE1:media_stream_manager.cc(1533)] MSPL::OnSpeedLimitChange({this=000001FC00156D40}, {new_limit=28})
[3908:17732:0120/142844.855:VERBOSE1:media_stream_manager.cc(1533)] MSPL::OnSpeedLimitChange({this=000001FC00156D40}, {new_limit=27})
[3908:17732:0120/142854.857:VERBOSE1:media_stream_manager.cc(1533)] MSPL::OnSpeedLimitChange({this=000001FC00156D40}, {new_limit=28})
[3908:17732:0120/143040.873:VERBOSE1:media_stream_manager.cc(1533)] MSPL::OnSpeedLimitChange({this=000001FC00156D40}, {new_limit=27})
[3908:17732:0120/143050.878:VERBOSE1:media_stream_manager.cc(1533)] MSPL::OnSpeedLimitChange({this=000001FC00156D40}, {new_limit=28})
[25152:41832:0120/143109.881:VERBOSE1:network_delegate.cc(36)] NetworkDelegate::NotifyBeforeURLRequest: http://192.168.1.32:8008/ssdp/device-desc.xml
[3908:17732:0120/143112.882:VERBOSE1:cast_socket.cc(227)] [192.168.1.32:8009, auth=SSL_VERIFIED] Connect readyState = ReadyState::NONE
[3908:17732:0120/143112.882:VERBOSE1:cast_socket.cc(391)] [192.168.1.32:8009, auth=SSL_VERIFIED] DoTcpConnect
[3908:17732:0120/143113.546:VERBOSE1:cast_socket.cc(405)] [192.168.1.32:8009, auth=SSL_VERIFIED] DoTcpConnectComplete: 0
[3908:17732:0120/143113.546:VERBOSE1:cast_socket.cc(422)] [192.168.1.32:8009, auth=SSL_VERIFIED] DoSslConnect
[3908:17732:0120/143122.883:VERBOSE1:cast_socket.cc(306)] [192.168.1.32:8009, auth=SSL_VERIFIED] Timeout while establishing a connection.
[3908:17732:0120/143122.883:VERBOSE1:cast_socket.cc(665)] [192.168.1.32:8009, auth=SSL_VERIFIED] SetErrorState ChannelError::CONNECT_TIMEOUT
[3908:17732:0120/143122.883:VERBOSE1:cast_socket.cc(587)] DoConnectCallback (error_state = ChannelError::CONNECT_TIMEOUT)
[3908:17732:0120/143122.883:VERBOSE1:cast_socket.cc(627)] [192.168.1.32:8009, auth=SSL_VERIFIED] Close ReadyState = ReadyState::CONNECTING
[3908:17732:0120/143122.883:VERBOSE1:cast_socket.cc(227)] [192.168.1.32:8009, auth=SSL_VERIFIED] Connect readyState = ReadyState::NONE
[3908:17732:0120/143122.883:VERBOSE1:cast_socket.cc(391)] [192.168.1.32:8009, auth=SSL_VERIFIED] DoTcpConnect
[3908:17732:0120/143132.884:VERBOSE1:cast_socket.cc(306)] [192.168.1.32:8009, auth=SSL_VERIFIED] Timeout while establishing a connection.
[3908:17732:0120/143132.884:VERBOSE1:cast_socket.cc(665)] [192.168.1.32:8009, auth=SSL_VERIFIED] SetErrorState ChannelError::CONNECT_TIMEOUT
[3908:17732:0120/143132.884:VERBOSE1:cast_socket.cc(587)] DoConnectCallback (error_state = ChannelError::CONNECT_TIMEOUT)
[3908:17732:0120/143132.884:VERBOSE1:cast_socket.cc(627)] [192.168.1.32:8009, auth=SSL_VERIFIED] Close ReadyState = ReadyState::CONNECTING
[3908:17732:0120/143142.634:VERBOSE1:cast_socket.cc(227)] [192.168.1.32:8009, auth=SSL_VERIFIED] Connect readyState = ReadyState::NONE
[3908:17732:0120/143142.634:VERBOSE1:cast_socket.cc(391)] [192.168.1.32:8009, auth=SSL_VERIFIED] DoTcpConnect
[3908:17732:0120/143152.634:VERBOSE1:cast_socket.cc(306)] [192.168.1.32:8009, auth=SSL_VERIFIED] Timeout while establishing a connection.
[3908:17732:0120/143152.634:VERBOSE1:cast_socket.cc(665)] [192.168.1.32:8009, auth=SSL_VERIFIED] SetErrorState ChannelError::CONNECT_TIMEOUT
[3908:17732:0120/143152.634:VERBOSE1:cast_socket.cc(587)] DoConnectCallback (error_state = ChannelError::CONNECT_TIMEOUT)
[3908:17732:0120/143152.634:VERBOSE1:cast_socket.cc(627)] [192.168.1.32:8009, auth=SSL_VERIFIED] Close ReadyState = ReadyState::CONNECTING
[3908:17732:0120/143206.223:VERBOSE1:cast_socket.cc(227)] [192.168.1.32:8009, auth=SSL_VERIFIED] Connect readyState = ReadyState::NONE
[3908:17732:0120/143206.223:VERBOSE1:cast_socket.cc(391)] [192.168.1.32:8009, auth=SSL_VERIFIED] DoTcpConnect
[3908:17732:0120/143208.891:VERBOSE1:media_stream_manager.cc(1533)] MSPL::OnSpeedLimitChange({this=000001FC00156D40}, {new_limit=27})
[3908:17732:0120/143216.224:VERBOSE1:cast_socket.cc(306)] [192.168.1.32:8009, auth=SSL_VERIFIED] Timeout while establishing a connection.
[3908:17732:0120/143216.224:VERBOSE1:cast_socket.cc(665)] [192.168.1.32:8009, auth=SSL_VERIFIED] SetErrorState ChannelError::CONNECT_TIMEOUT
[3908:17732:0120/143216.224:VERBOSE1:cast_socket.cc(587)] DoConnectCallback (error_state = ChannelError::CONNECT_TIMEOUT)
[3908:17732:0120/143216.224:VERBOSE1:cast_socket.cc(627)] [192.168.1.32:8009, auth=SSL_VERIFIED] Close ReadyState = ReadyState::CONNECTING
[3908:17732:0120/143218.893:VERBOSE1:media_stream_manager.cc(1533)] MSPL::OnSpeedLimitChange({this=000001FC00156D40}, {new_limit=28})
[3908:17732:0120/143248.895:VERBOSE1:media_stream_manager.cc(1533)] MSPL::OnSpeedLimitChange({this=000001FC00156D40}, {new_limit=27})
[3908:17732:0120/143258.898:VERBOSE1:media_stream_manager.cc(1533)] MSPL::OnSpeedLimitChange({this=000001FC00156D40}, {new_limit=28})
[3908:33844:0120/143309.671:VERBOSE1:device_event_log_impl.cc(198)] [14:33:09.672] Display: EVENT: screen_win.cc:893 Displays updated, count: 3
[3908:33844:0120/143309.671:VERBOSE1:device_event_log_impl.cc(198)] [14:33:09.672] Display: EVENT: screen_win.cc:895 Display[1796530101] bounds=[-2560,-428 2560x1441], workarea=[-2560,-428 2560x1393], scale=1.5, rotation=0, panel_rotation=0 external detected
[3908:33844:0120/143309.671:VERBOSE1:device_event_log_impl.cc(198)] [14:33:09.672] Display: EVENT: screen_win.cc:895 Display[2612606704] bounds=[-2562,1013 1281x721], workarea=[-2562,1013 1281x673], scale=1.5, rotation=0, panel_rotation=0 external detected
[3908:33844:0120/143309.671:VERBOSE1:device_event_log_impl.cc(198)] [14:33:09.672] Display: EVENT: screen_win.cc:895 Display[277128153] bounds=[0,0 1707x1067], workarea=[0,0 1707x1019], scale=1.5, rotation=0, panel_rotation=0 external detected
[3908:17732:0120/143315.762:VERBOSE1:media_stream_manager.cc(1533)] MSPL::OnSpeedLimitChange({this=000001FC00156D40}, {new_limit=27})
[3908:17732:0120/143325.765:VERBOSE1:media_stream_manager.cc(1533)] MSPL::OnSpeedLimitChange({this=000001FC00156D40}, {new_limit=28})
[3908:17732:0120/143326.766:VERBOSE1:media_stream_manager.cc(1533)] MSPL::OnSpeedLimitChange({this=000001FC00156D40}, {new_limit=27})
[3908:17732:0120/143341.780:VERBOSE1:media_stream_manager.cc(1533)] MSPL::OnSpeedLimitChange({this=000001FC00156D40}, {new_limit=28})
[3908:17732:0120/143443.836:VERBOSE1:media_stream_manager.cc(1533)] MSPL::OnSpeedLimitChange({this=000001FC00156D40}, {new_limit=27})
[3908:17732:0120/143453.837:VERBOSE1:media_stream_manager.cc(1533)] MSPL::OnSpeedLimitChange({this=000001FC00156D40}, {new_limit=28})
[3908:17732:0120/143455.837:VERBOSE1:media_stream_manager.cc(1533)] MSPL::OnSpeedLimitChange({this=000001FC00156D40}, {new_limit=27})
[3908:17732:0120/143510.838:VERBOSE1:media_stream_manager.cc(1533)] MSPL::OnSpeedLimitChange({this=000001FC00156D40}, {new_limit=28})
[3908:17732:0120/143558.878:VERBOSE1:media_stream_manager.cc(1533)] MSPL::OnSpeedLimitChange({this=000001FC00156D40}, {new_limit=27})
[3908:17732:0120/143605.335:VERBOSE1:media_stream_manager.cc(1533)] MSPL::OnSuspend([this=000001FC00156D40])
[3908:17732:0120/151803.706:VERBOSE1:media_stream_manager.cc(1533)] video capture: VideoCaptureManager::OnScreenLocked
[3908:17732:0120/151804.039:VERBOSE1:media_stream_manager.cc(1533)] MSPL::OnResume([this=000001FC00156D40])
[3908:17732:0120/151804.039:VERBOSE1:media_stream_manager.cc(1533)] MSPL::OnSpeedLimitChange({this=000001FC00156D40}, {new_limit=26})
[3908:39636:0120/151804.076:VERBOSE1:background_downloader_win.cc(478)] Starting BITS download for: http://edgedl.me.gvt1.com/edgedl/release2/chrome_component/adatfklhkqalphetgwxwdtdhwwva_145.0.7584.0/khaoiebndkojlmppeemjhbpbandiljpe_145.0.7584.0_win_acduhvayolvf63lq6ij3ralxpk7q.crx3
[3908:17732:0120/151804.384:VERBOSE1:media_stream_manager.cc(1533)] MSPL::OnSpeedLimitChange({this=000001FC00156D40}, {new_limit=25})
[3908:33844:0120/151804.813:ERROR:device_event_log_impl.cc(196)] [15:18:04.391] USB: usb_service_win.cc:105 SetupDiGetDeviceProperty({{A45C254E-DF1C-4EFD-8020-67D146A850E0}, 6}) failed: Element not found. (0x490)
[25152:41832:0120/151805.103:VERBOSE1:network_delegate.cc(36)] NetworkDelegate::NotifyBeforeURLRequest: http://192.168.1.29:7678/nservice/
[3908:17732:0120/151805.399:VERBOSE1:media_stream_manager.cc(1533)] MSPL::OnSpeedLimitChange({this=000001FC00156D40}, {new_limit=24})
[3908:17732:0120/151807.065:VERBOSE1:media_stream_manager.cc(1533)] video capture: VideoCaptureManager::OnScreenUnlocked
[3908:17732:0120/151807.405:VERBOSE1:media_stream_manager.cc(1533)] MSPL::OnSpeedLimitChange({this=000001FC00156D40}, {new_limit=23})
[3908:17732:0120/151808.065:VERBOSE1:cast_socket.cc(227)] [192.168.1.29:8009, auth=SSL_VERIFIED] Connect readyState = ReadyState::NONE
[3908:17732:0120/151808.065:VERBOSE1:cast_socket.cc(391)] [192.168.1.29:8009, auth=SSL_VERIFIED] DoTcpConnect
[3908:33844:0120/151808.840:VERBOSE1:device_event_log_impl.cc(198)] [15:18:08.840] Display: EVENT: screen_win.cc:893 Displays updated, count: 3
[3908:33844:0120/151808.840:VERBOSE1:device_event_log_impl.cc(198)] [15:18:08.840] Display: EVENT: screen_win.cc:895 Display[1796530101] bounds=[-2560,-428 2560x1441], workarea=[-2560,-428 2560x1393], scale=1.5, rotation=0, panel_rotation=0 external detected
[3908:33844:0120/151808.840:VERBOSE1:device_event_log_impl.cc(198)] [15:18:08.840] Display: EVENT: screen_win.cc:895 Display[2612606704] bounds=[-2562,1013 1281x721], workarea=[-2562,1013 1281x673], scale=1.5, rotation=0, panel_rotation=0 external detected
[3908:33844:0120/151808.840:VERBOSE1:device_event_log_impl.cc(198)] [15:18:08.840] Display: EVENT: screen_win.cc:895 Display[277128153] bounds=[0,0 1707x1067], workarea=[0,0 1707x1019], scale=1.5, rotation=0, panel_rotation=0 external detected
[3908:45800:0120/151809.071:VERBOSE1:unpacker.cc(66)] Verifying component: C:\Users\brian\AppData\Local\Temp\chrome_BITS_3908_2147209241\khaoiebndkojlmppeemjhbpbandiljpe_145.0.7584.0_win_acduhvayolvf63lq6ij3ralxpk7q.crx3
[3908:45800:0120/151809.072:VERBOSE1:unpacker.cc(95)] Unpacking in: C:\Users\brian\AppData\Local\Temp\chrome_Unpacker_BeginUnzipping3908_1909921789
[3908:45800:0120/151809.125:VERBOSE1:component_installer.cc(146)] Install: version=145.0.7584.0 current version=0.0.0.0
[3908:45800:0120/151809.125:VERBOSE1:component_installer.cc(165)] unpack_path=C:\Users\brian\AppData\Local\Temp\chrome_Unpacker_BeginUnzipping3908_1909921789 install_path=C:\Dev\BBanuelos_GAM305\TeamRepo\GAM-305-Unreal-Project\GAM_305_SideScroller\Saved\webcache_6613\FileTypePolicies\145.0.7584.0
[3908:33844:0120/151809.135:VERBOSE1:component_installer.cc(572)] Component ready, version 145.0.7584.0 in C:\Dev\BBanuelos_GAM305\TeamRepo\GAM-305-Unreal-Project\GAM_305_SideScroller\Saved\webcache_6613\FileTypePolicies\145.0.7584.0
[3908:33844:0120/151809.135:VERBOSE1:file_type_policies_component_installer.cc(90)] Component ready, version 145.0.7584.0 in C:\Dev\BBanuelos_GAM305\TeamRepo\GAM-305-Unreal-Project\GAM_305_SideScroller\Saved\webcache_6613\FileTypePolicies\145.0.7584.0
[3908:23592:0120/151809.135:VERBOSE1:file_type_policies_component_installer.cc(45)] Reading Download File Types from file: C:\Dev\BBanuelos_GAM305\TeamRepo\GAM-305-Unreal-Project\GAM_305_SideScroller\Saved\webcache_6613\FileTypePolicies\145.0.7584.0\download_file_types.pb
[25152:41832:0120/151809.153:VERBOSE1:network_delegate.cc(36)] NetworkDelegate::NotifyBeforeURLRequest: https://update.googleapis.com/service/update2/json
[25152:41832:0120/151809.215:VERBOSE1:tls_handshaker.cc(105)] TlsClient: Continuing handshake
[25152:41832:0120/151809.237:VERBOSE1:tls_handshaker.cc(105)] TlsClient: Continuing handshake
[25152:41832:0120/151809.238:VERBOSE1:tls_handshaker.cc(126)] TlsClient: SSL_do_handshake returned when entering early data. After retry, rv=-1, SSL_in_early_data=1
[25152:41832:0120/151809.252:VERBOSE1:tls_handshaker.cc(105)] TlsClient: Continuing handshake
[25152:41832:0120/151809.252:VERBOSE1:tls_handshaker.cc(105)] TlsClient: Continuing handshake
[25152:41832:0120/151809.252:VERBOSE1:tls_client_handshaker.cc(528)] Client: handshake finished
[3908:33844:0120/151809.303:VERBOSE1:request_sender.cc(183)] Request completed from url: https://update.googleapis.com/service/update2/json
[3908:33844:0120/151809.647:ERROR:device_event_log_impl.cc(196)] [15:18:09.646] USB: usb_service_win.cc:105 SetupDiGetDeviceProperty({{A45C254E-DF1C-4EFD-8020-67D146A850E0}, 6}) failed: Element not found. (0x490)
[3908:17732:0120/151810.297:VERBOSE1:media_stream_manager.cc(1533)] MSPL::OnSpeedLimitChange({this=000001FC00156D40}, {new_limit=22})
[3908:17732:0120/151813.301:VERBOSE1:media_stream_manager.cc(1533)] MSPL::OnSpeedLimitChange({this=000001FC00156D40}, {new_limit=23})
[3908:17732:0120/151814.298:VERBOSE1:media_stream_manager.cc(1533)] MSPL::OnSpeedLimitChange({this=000001FC00156D40}, {new_limit=24})
[3908:17732:0120/151817.294:VERBOSE1:media_stream_manager.cc(1533)] MSPL::OnSpeedLimitChange({this=000001FC00156D40}, {new_limit=26})
[3908:17732:0120/151818.065:VERBOSE1:cast_socket.cc(306)] [192.168.1.29:8009, auth=SSL_VERIFIED] Timeout while establishing a connection.
[3908:17732:0120/151818.065:VERBOSE1:cast_socket.cc(665)] [192.168.1.29:8009, auth=SSL_VERIFIED] SetErrorState ChannelError::CONNECT_TIMEOUT
[3908:17732:0120/151818.065:VERBOSE1:cast_socket.cc(587)] DoConnectCallback (error_state = ChannelError::CONNECT_TIMEOUT)
[3908:17732:0120/151818.065:VERBOSE1:cast_socket.cc(627)] [192.168.1.29:8009, auth=SSL_VERIFIED] Close ReadyState = ReadyState::CONNECTING
[3908:17732:0120/151818.065:VERBOSE1:cast_socket.cc(227)] [192.168.1.29:8009, auth=SSL_VERIFIED] Connect readyState = ReadyState::NONE
[3908:17732:0120/151818.065:VERBOSE1:cast_socket.cc(391)] [192.168.1.29:8009, auth=SSL_VERIFIED] DoTcpConnect
[3908:17732:0120/151822.522:VERBOSE1:cast_socket.cc(405)] [192.168.1.29:8009, auth=SSL_VERIFIED] DoTcpConnectComplete: -102
[3908:17732:0120/151822.522:VERBOSE1:cast_socket.cc(665)] [192.168.1.29:8009, auth=SSL_VERIFIED] SetErrorState ChannelError::CONNECT_ERROR
[3908:17732:0120/151822.522:VERBOSE1:cast_socket.cc(587)] DoConnectCallback (error_state = ChannelError::CONNECT_ERROR)
[3908:17732:0120/151822.522:VERBOSE1:cast_socket.cc(627)] [192.168.1.29:8009, auth=SSL_VERIFIED] Close ReadyState = ReadyState::CONNECTING
[3908:17732:0120/151823.310:VERBOSE1:media_stream_manager.cc(1533)] MSPL::OnSpeedLimitChange({this=000001FC00156D40}, {new_limit=27})
[3908:17732:0120/151827.308:VERBOSE1:media_stream_manager.cc(1533)] MSPL::OnSpeedLimitChange({this=000001FC00156D40}, {new_limit=100})
[3908:17732:0120/151835.115:VERBOSE1:cast_socket.cc(227)] [192.168.1.29:8009, auth=SSL_VERIFIED] Connect readyState = ReadyState::NONE
[3908:17732:0120/151835.115:VERBOSE1:cast_socket.cc(391)] [192.168.1.29:8009, auth=SSL_VERIFIED] DoTcpConnect
[3908:17732:0120/151837.175:VERBOSE1:cast_socket.cc(405)] [192.168.1.29:8009, auth=SSL_VERIFIED] DoTcpConnectComplete: -102
[3908:17732:0120/151837.175:VERBOSE1:cast_socket.cc(665)] [192.168.1.29:8009, auth=SSL_VERIFIED] SetErrorState ChannelError::CONNECT_ERROR
[3908:17732:0120/151837.175:VERBOSE1:cast_socket.cc(587)] DoConnectCallback (error_state = ChannelError::CONNECT_ERROR)
[3908:17732:0120/151837.175:VERBOSE1:cast_socket.cc(627)] [192.168.1.29:8009, auth=SSL_VERIFIED] Close ReadyState = ReadyState::CONNECTING
[3908:17732:0120/151845.399:VERBOSE1:cast_socket.cc(227)] [192.168.1.29:8009, auth=SSL_VERIFIED] Connect readyState = ReadyState::NONE
[3908:17732:0120/151845.399:VERBOSE1:cast_socket.cc(391)] [192.168.1.29:8009, auth=SSL_VERIFIED] DoTcpConnect
[3908:17732:0120/151847.450:VERBOSE1:cast_socket.cc(405)] [192.168.1.29:8009, auth=SSL_VERIFIED] DoTcpConnectComplete: -102
[3908:17732:0120/151847.450:VERBOSE1:cast_socket.cc(665)] [192.168.1.29:8009, auth=SSL_VERIFIED] SetErrorState ChannelError::CONNECT_ERROR
[3908:17732:0120/151847.450:VERBOSE1:cast_socket.cc(587)] DoConnectCallback (error_state = ChannelError::CONNECT_ERROR)
[3908:17732:0120/151847.450:VERBOSE1:cast_socket.cc(627)] [192.168.1.29:8009, auth=SSL_VERIFIED] Close ReadyState = ReadyState::CONNECTING
[3908:17732:0120/151906.334:VERBOSE1:media_stream_manager.cc(1533)] MSPL::OnSpeedLimitChange({this=000001FC00156D40}, {new_limit=27})
[3908:17732:0120/151932.365:VERBOSE1:media_stream_manager.cc(1533)] MSPL::OnSpeedLimitChange({this=000001FC00156D40}, {new_limit=26})
[3908:17732:0120/152039.389:VERBOSE1:media_stream_manager.cc(1533)] MSPL::OnSpeedLimitChange({this=000001FC00156D40}, {new_limit=27})
[3908:17732:0120/152136.421:VERBOSE1:media_stream_manager.cc(1533)] MSPL::OnSpeedLimitChange({this=000001FC00156D40}, {new_limit=26})
[3908:17732:0120/152147.432:VERBOSE1:media_stream_manager.cc(1533)] MSPL::OnSpeedLimitChange({this=000001FC00156D40}, {new_limit=27})
[3908:17732:0120/152217.447:VERBOSE1:media_stream_manager.cc(1533)] MSPL::OnSpeedLimitChange({this=000001FC00156D40}, {new_limit=26})
[3908:17732:0120/152233.905:VERBOSE1:media_stream_manager.cc(1533)] MSPL::OnSpeedLimitChange({this=000001FC00156D40}, {new_limit=27})
[3908:17732:0120/152318.485:VERBOSE1:media_stream_manager.cc(1533)] MSPL::OnSpeedLimitChange({this=000001FC00156D40}, {new_limit=26})
[3908:17732:0120/152345.515:VERBOSE1:media_stream_manager.cc(1533)] MSPL::OnSpeedLimitChange({this=000001FC00156D40}, {new_limit=25})
[3908:17732:0120/152355.513:VERBOSE1:media_stream_manager.cc(1533)] MSPL::OnSpeedLimitChange({this=000001FC00156D40}, {new_limit=26})
[3908:17732:0120/152411.529:VERBOSE1:media_stream_manager.cc(1533)] MSPL::OnSpeedLimitChange({this=000001FC00156D40}, {new_limit=25})
[3908:17732:0120/152418.545:VERBOSE1:media_stream_manager.cc(1533)] MSPL::OnSpeedLimitChange({this=000001FC00156D40}, {new_limit=26})
[3908:17732:0120/152429.770:VERBOSE1:media_stream_manager.cc(1533)] MSPL::OnSpeedLimitChange({this=000001FC00156D40}, {new_limit=27})
[3908:33844:0120/152431.150:VERBOSE1:device_event_log_impl.cc(198)] [15:24:31.150] Display: EVENT: screen_win.cc:893 Displays updated, count: 3
[3908:33844:0120/152431.150:VERBOSE1:device_event_log_impl.cc(198)] [15:24:31.150] Display: EVENT: screen_win.cc:895 Display[1796530101] bounds=[-2560,-428 2560x1441], workarea=[-2560,-428 2560x1393], scale=1.5, rotation=0, panel_rotation=0 external detected
[3908:33844:0120/152431.150:VERBOSE1:device_event_log_impl.cc(198)] [15:24:31.150] Display: EVENT: screen_win.cc:895 Display[2612606704] bounds=[-2562,1013 1281x721], workarea=[-2562,1013 1281x673], scale=1.5, rotation=0, panel_rotation=0 external detected
[3908:33844:0120/152431.150:VERBOSE1:device_event_log_impl.cc(198)] [15:24:31.150] Display: EVENT: screen_win.cc:895 Display[277128153] bounds=[0,0 1707x1067], workarea=[0,0 1707x1019], scale=1.5, rotation=0, panel_rotation=0 external detected
[3908:17732:0120/152433.534:VERBOSE1:media_stream_manager.cc(1533)] MSPL::OnSpeedLimitChange({this=000001FC00156D40}, {new_limit=26})
[3908:17732:0120/152440.535:VERBOSE1:media_stream_manager.cc(1533)] MSPL::OnSpeedLimitChange({this=000001FC00156D40}, {new_limit=25})
[3908:17732:0120/152452.558:VERBOSE1:media_stream_manager.cc(1533)] MSPL::OnSpeedLimitChange({this=000001FC00156D40}, {new_limit=26})
[3908:17732:0120/152517.575:VERBOSE1:media_stream_manager.cc(1533)] MSPL::OnSpeedLimitChange({this=000001FC00156D40}, {new_limit=25})
[3908:17732:0120/152527.652:VERBOSE1:media_stream_manager.cc(1533)] MSPL::OnSpeedLimitChange({this=000001FC00156D40}, {new_limit=26})
[3908:17732:0120/152530.654:VERBOSE1:media_stream_manager.cc(1533)] MSPL::OnSpeedLimitChange({this=000001FC00156D40}, {new_limit=27})
[3908:33844:0120/152534.918:VERBOSE1:device_event_log_impl.cc(198)] [15:25:34.919] Display: EVENT: screen_win.cc:893 Displays updated, count: 3
[3908:33844:0120/152534.918:VERBOSE1:device_event_log_impl.cc(198)] [15:25:34.919] Display: EVENT: screen_win.cc:895 Display[1796530101] bounds=[-2560,-428 2560x1441], workarea=[-2560,-428 2560x1393], scale=1.5, rotation=0, panel_rotation=0 external detected
[3908:33844:0120/152534.918:VERBOSE1:device_event_log_impl.cc(198)] [15:25:34.919] Display: EVENT: screen_win.cc:895 Display[2612606704] bounds=[-2562,1013 1281x721], workarea=[-2562,1013 1281x673], scale=1.5, rotation=0, panel_rotation=0 external detected
[3908:33844:0120/152534.918:VERBOSE1:device_event_log_impl.cc(198)] [15:25:34.919] Display: EVENT: screen_win.cc:895 Display[277128153] bounds=[0,0 1707x1067], workarea=[0,0 1707x1019], scale=1.5, rotation=0, panel_rotation=0 external detected
[3908:17732:0120/152541.579:VERBOSE1:media_stream_manager.cc(1533)] MSPL::OnSpeedLimitChange({this=000001FC00156D40}, {new_limit=26})
[3908:17732:0120/152610.598:VERBOSE1:media_stream_manager.cc(1533)] MSPL::OnSpeedLimitChange({this=000001FC00156D40}, {new_limit=27})
[3908:17732:0120/152612.612:VERBOSE1:media_stream_manager.cc(1533)] MSPL::OnSpeedLimitChange({this=000001FC00156D40}, {new_limit=26})
[3908:17732:0120/152623.604:VERBOSE1:media_stream_manager.cc(1533)] MSPL::OnSpeedLimitChange({this=000001FC00156D40}, {new_limit=27})
[3908:17732:0120/152624.617:VERBOSE1:media_stream_manager.cc(1533)] MSPL::OnSpeedLimitChange({this=000001FC00156D40}, {new_limit=26})
[3908:17732:0120/152652.622:VERBOSE1:media_stream_manager.cc(1533)] MSPL::OnSpeedLimitChange({this=000001FC00156D40}, {new_limit=27})
[3908:17732:0120/152702.636:VERBOSE1:media_stream_manager.cc(1533)] MSPL::OnSpeedLimitChange({this=000001FC00156D40}, {new_limit=26})
[3908:17732:0120/152712.645:VERBOSE1:media_stream_manager.cc(1533)] MSPL::OnSpeedLimitChange({this=000001FC00156D40}, {new_limit=27})
[3908:17732:0120/152751.844:VERBOSE1:media_stream_manager.cc(1533)] MSPL::OnSpeedLimitChange({this=000001FC00156D40}, {new_limit=28})
[3908:17732:0120/152807.848:VERBOSE1:media_stream_manager.cc(1533)] MSPL::OnSpeedLimitChange({this=000001FC00156D40}, {new_limit=27})
[3908:17732:0120/152823.852:VERBOSE1:media_stream_manager.cc(1533)] MSPL::OnSpeedLimitChange({this=000001FC00156D40}, {new_limit=28})
[3908:17732:0120/152900.859:VERBOSE1:media_stream_manager.cc(1533)] MSPL::OnSpeedLimitChange({this=000001FC00156D40}, {new_limit=27})
[3908:17732:0120/152910.860:VERBOSE1:media_stream_manager.cc(1533)] MSPL::OnSpeedLimitChange({this=000001FC00156D40}, {new_limit=28})
[3908:17732:0120/152917.860:VERBOSE1:media_stream_manager.cc(1533)] MSPL::OnSpeedLimitChange({this=000001FC00156D40}, {new_limit=27})
[3908:17732:0120/152927.864:VERBOSE1:media_stream_manager.cc(1533)] MSPL::OnSpeedLimitChange({this=000001FC00156D40}, {new_limit=28})
[3908:17732:0120/152938.866:VERBOSE1:media_stream_manager.cc(1533)] MSPL::OnSpeedLimitChange({this=000001FC00156D40}, {new_limit=27})
[3908:17732:0120/152950.865:VERBOSE1:media_stream_manager.cc(1533)] MSPL::OnSpeedLimitChange({this=000001FC00156D40}, {new_limit=28})
[25152:41832:0120/153042.874:VERBOSE1:network_delegate.cc(36)] NetworkDelegate::NotifyBeforeURLRequest: https://safebrowsing.googleapis.com/v4/threatListUpdates:fetch?$req=ChoKCGNocm9taXVtEg4xMjguMC42NjEzLjEzOBoMCAUQASIEIAEgAigBGgwIARABIgQgASACKAEaDAgDEAEiBCABIAIoARoMCAcQASIEIAEgAigBGgwIARAIIgQgASACKAQaDAgPEAEiBCABIAIoARoMCAkQASIEIAEgAigBIgIIAQ==&$ct=application/x-protobuf&key=dummytoken
[25152:41832:0120/153042.899:VERBOSE1:tls_handshaker.cc(105)] TlsClient: Continuing handshake
[25152:41832:0120/153042.954:VERBOSE1:tls_handshaker.cc(105)] TlsClient: Continuing handshake
[25152:41832:0120/153043.206:VERBOSE1:tls_handshaker.cc(105)] TlsClient: Continuing handshake
[25152:41832:0120/153043.208:VERBOSE1:tls_handshaker.cc(126)] TlsClient: SSL_do_handshake returned when entering early data. After retry, rv=-1, SSL_in_early_data=1
[25152:41832:0120/153043.208:VERBOSE1:tls_handshaker.cc(105)] TlsClient: Continuing handshake
[25152:41832:0120/153043.208:VERBOSE1:tls_client_handshaker.cc(528)] Client: handshake finished
[3908:17732:0120/153224.893:VERBOSE1:media_stream_manager.cc(1533)] MSPL::OnSpeedLimitChange({this=000001FC00156D40}, {new_limit=27})
[3908:17732:0120/153245.896:VERBOSE1:media_stream_manager.cc(1533)] MSPL::OnSpeedLimitChange({this=000001FC00156D40}, {new_limit=28})
[3908:17732:0120/153308.232:VERBOSE1:media_stream_manager.cc(1533)] MSPL::OnSpeedLimitChange({this=000001FC00156D40}, {new_limit=27})
[3908:23592:0120/153309.911:VERBOSE1:background_downloader_win.cc(478)] Starting BITS download for: http://edgedl.me.gvt1.com/edgedl/release2/chrome_component/ac4w34tacm4tmrlhiauhvomjtgaq_10295/hfnkpimlhhgieaddgfemjhofmfblmnib_10295_all_paatpmu6nsi5qod5ideuzfjw2a.crx3
[3908:17732:0120/153320.235:VERBOSE1:media_stream_manager.cc(1533)] MSPL::OnSpeedLimitChange({this=000001FC00156D40}, {new_limit=28})
[3908:17732:0120/153417.247:VERBOSE1:media_stream_manager.cc(1533)] MSPL::OnSpeedLimitChange({this=000001FC00156D40}, {new_limit=27})
[3908:45800:0120/153419.250:VERBOSE1:unpacker.cc(66)] Verifying component: C:\Users\brian\AppData\Local\Temp\chrome_BITS_3908_1891601755\hfnkpimlhhgieaddgfemjhofmfblmnib_10295_all_paatpmu6nsi5qod5ideuzfjw2a.crx3
[3908:45800:0120/153419.252:VERBOSE1:unpacker.cc(95)] Unpacking in: C:\Users\brian\AppData\Local\Temp\chrome_Unpacker_BeginUnzipping3908_1419809244
[3908:45800:0120/153419.919:VERBOSE1:component_installer.cc(146)] Install: version=10295 current version=0.0.0.0
[3908:45800:0120/153419.919:VERBOSE1:component_installer.cc(165)] unpack_path=C:\Users\brian\AppData\Local\Temp\chrome_Unpacker_BeginUnzipping3908_1419809244 install_path=C:\Dev\BBanuelos_GAM305\TeamRepo\GAM-305-Unreal-Project\GAM_305_SideScroller\Saved\webcache_6613\CertificateRevocation\10295
[3908:33844:0120/153420.250:VERBOSE1:component_installer.cc(572)] Component ready, version 10295 in C:\Dev\BBanuelos_GAM305\TeamRepo\GAM-305-Unreal-Project\GAM_305_SideScroller\Saved\webcache_6613\CertificateRevocation\10295
[25152:41832:0120/153420.585:VERBOSE1:network_delegate.cc(36)] NetworkDelegate::NotifyBeforeURLRequest: https://update.googleapis.com/service/update2/json
[25152:41832:0120/153420.611:VERBOSE1:tls_handshaker.cc(105)] TlsClient: Continuing handshake
[25152:41832:0120/153420.611:VERBOSE1:tls_handshaker.cc(126)] TlsClient: SSL_do_handshake returned when entering early data. After retry, rv=-1, SSL_in_early_data=1
[25152:41832:0120/153420.654:VERBOSE1:tls_handshaker.cc(105)] TlsClient: Continuing handshake
[25152:41832:0120/153420.654:VERBOSE1:tls_handshaker.cc(105)] TlsClient: Continuing handshake
[25152:41832:0120/153420.654:VERBOSE1:tls_client_handshaker.cc(528)] Client: handshake finished
[3908:33844:0120/153420.920:VERBOSE1:request_sender.cc(183)] Request completed from url: https://update.googleapis.com/service/update2/json
[3908:17732:0120/153432.252:VERBOSE1:media_stream_manager.cc(1533)] MSPL::OnSpeedLimitChange({this=000001FC00156D40}, {new_limit=28})
[3908:17732:0120/153510.255:VERBOSE1:media_stream_manager.cc(1533)] MSPL::OnSpeedLimitChange({this=000001FC00156D40}, {new_limit=27})
[3908:17732:0120/153520.257:VERBOSE1:media_stream_manager.cc(1533)] MSPL::OnSpeedLimitChange({this=000001FC00156D40}, {new_limit=28})
[3908:17732:0120/153750.293:VERBOSE1:media_stream_manager.cc(1533)] MSPL::OnSpeedLimitChange({this=000001FC00156D40}, {new_limit=27})
[3908:17732:0120/153800.297:VERBOSE1:media_stream_manager.cc(1533)] MSPL::OnSpeedLimitChange({this=000001FC00156D40}, {new_limit=28})
[3908:17732:0120/154154.337:VERBOSE1:media_stream_manager.cc(1533)] MSPL::OnSpeedLimitChange({this=000001FC00156D40}, {new_limit=27})
[3908:17732:0120/154208.339:VERBOSE1:media_stream_manager.cc(1533)] MSPL::OnSpeedLimitChange({this=000001FC00156D40}, {new_limit=28})
[3908:17732:0120/154212.339:VERBOSE1:media_stream_manager.cc(1533)] MSPL::OnSpeedLimitChange({this=000001FC00156D40}, {new_limit=27})
[3908:17732:0120/154236.343:VERBOSE1:media_stream_manager.cc(1533)] MSPL::OnSpeedLimitChange({this=000001FC00156D40}, {new_limit=28})
[3908:17732:0120/154251.682:VERBOSE1:media_stream_manager.cc(1533)] MSPL::OnSpeedLimitChange({this=000001FC00156D40}, {new_limit=27})
[3908:17732:0120/154300.684:VERBOSE1:media_stream_manager.cc(1533)] MSPL::OnSpeedLimitChange({this=000001FC00156D40}, {new_limit=26})
[3908:17732:0120/154304.682:VERBOSE1:media_stream_manager.cc(1533)] MSPL::OnSpeedLimitChange({this=000001FC00156D40}, {new_limit=27})
[3908:17732:0120/154313.684:VERBOSE1:media_stream_manager.cc(1533)] MSPL::OnSpeedLimitChange({this=000001FC00156D40}, {new_limit=28})
[3908:17732:0120/154324.685:VERBOSE1:media_stream_manager.cc(1533)] MSPL::OnSpeedLimitChange({this=000001FC00156D40}, {new_limit=27})
[3908:17732:0120/154340.686:VERBOSE1:media_stream_manager.cc(1533)] MSPL::OnSpeedLimitChange({this=000001FC00156D40}, {new_limit=28})
[3908:17732:0120/154404.694:VERBOSE1:media_stream_manager.cc(1533)] MSPL::OnSpeedLimitChange({this=000001FC00156D40}, {new_limit=27})
[3908:17732:0120/154421.696:VERBOSE1:media_stream_manager.cc(1533)] MSPL::OnSpeedLimitChange({this=000001FC00156D40}, {new_limit=28})
[3908:17732:0120/154429.697:VERBOSE1:media_stream_manager.cc(1533)] MSPL::OnSpeedLimitChange({this=000001FC00156D40}, {new_limit=27})
[3908:17732:0120/154451.703:VERBOSE1:media_stream_manager.cc(1533)] MSPL::OnSpeedLimitChange({this=000001FC00156D40}, {new_limit=26})
[3908:17732:0120/154454.699:VERBOSE1:media_stream_manager.cc(1533)] MSPL::OnSpeedLimitChange({this=000001FC00156D40}, {new_limit=27})
[3908:17732:0120/154506.701:VERBOSE1:media_stream_manager.cc(1533)] MSPL::OnSpeedLimitChange({this=000001FC00156D40}, {new_limit=28})
[3908:17732:0120/154536.706:VERBOSE1:media_stream_manager.cc(1533)] MSPL::OnSpeedLimitChange({this=000001FC00156D40}, {new_limit=27})
[3908:17732:0120/154546.711:VERBOSE1:media_stream_manager.cc(1533)] MSPL::OnSpeedLimitChange({this=000001FC00156D40}, {new_limit=28})
[3908:17732:0120/154547.710:VERBOSE1:media_stream_manager.cc(1533)] MSPL::OnSpeedLimitChange({this=000001FC00156D40}, {new_limit=27})
[3908:33844:0120/154554.052:VERBOSE1:device_event_log_impl.cc(198)] [15:45:54.052] Display: EVENT: screen_win.cc:893 Displays updated, count: 3
[3908:33844:0120/154554.052:VERBOSE1:device_event_log_impl.cc(198)] [15:45:54.053] Display: EVENT: screen_win.cc:895 Display[1796530101] bounds=[-2560,-428 2560x1441], workarea=[-2560,-428 2560x1393], scale=1.5, rotation=0, panel_rotation=0 external detected
[3908:33844:0120/154554.052:VERBOSE1:device_event_log_impl.cc(198)] [15:45:54.053] Display: EVENT: screen_win.cc:895 Display[2612606704] bounds=[-2562,1013 1281x721], workarea=[-2562,1013 1281x673], scale=1.5, rotation=0, panel_rotation=0 external detected
[3908:33844:0120/154554.052:VERBOSE1:device_event_log_impl.cc(198)] [15:45:54.053] Display: EVENT: screen_win.cc:895 Display[277128153] bounds=[0,0 1707x1067], workarea=[0,0 1707x1019], scale=1.5, rotation=0, panel_rotation=0 external detected
[3908:17732:0120/154625.801:VERBOSE1:media_stream_manager.cc(1533)] MSPL::OnSpeedLimitChange({this=000001FC00156D40}, {new_limit=28})
[3908:17732:0120/154656.809:VERBOSE1:media_stream_manager.cc(1533)] MSPL::OnSpeedLimitChange({this=000001FC00156D40}, {new_limit=27})
[3908:17732:0120/154706.814:VERBOSE1:media_stream_manager.cc(1533)] MSPL::OnSpeedLimitChange({this=000001FC00156D40}, {new_limit=28})
[3908:17732:0120/154715.816:VERBOSE1:media_stream_manager.cc(1533)] MSPL::OnSpeedLimitChange({this=000001FC00156D40}, {new_limit=27})
[3908:17732:0120/154745.821:VERBOSE1:media_stream_manager.cc(1533)] MSPL::OnSpeedLimitChange({this=000001FC00156D40}, {new_limit=28})
[3908:17732:0120/154817.831:VERBOSE1:media_stream_manager.cc(1533)] MSPL::OnSpeedLimitChange({this=000001FC00156D40}, {new_limit=27})
[3908:17732:0120/154827.833:VERBOSE1:media_stream_manager.cc(1533)] MSPL::OnSpeedLimitChange({this=000001FC00156D40}, {new_limit=28})
[3908:17732:0120/154835.834:VERBOSE1:media_stream_manager.cc(1533)] MSPL::OnSpeedLimitChange({this=000001FC00156D40}, {new_limit=27})
[3908:33844:0120/154838.235:VERBOSE1:device_event_log_impl.cc(198)] [15:48:38.235] Display: EVENT: screen_win.cc:893 Displays updated, count: 3
[3908:33844:0120/154838.236:VERBOSE1:device_event_log_impl.cc(198)] [15:48:38.235] Display: EVENT: screen_win.cc:895 Display[1796530101] bounds=[-2560,-428 2560x1441], workarea=[-2560,-428 2560x1393], scale=1.5, rotation=0, panel_rotation=0 external detected
[3908:33844:0120/154838.236:VERBOSE1:device_event_log_impl.cc(198)] [15:48:38.235] Display: EVENT: screen_win.cc:895 Display[2612606704] bounds=[-2562,1013 1281x721], workarea=[-2562,1013 1281x673], scale=1.5, rotation=0, panel_rotation=0 external detected
[3908:33844:0120/154838.236:VERBOSE1:device_event_log_impl.cc(198)] [15:48:38.235] Display: EVENT: screen_win.cc:895 Display[277128153] bounds=[0,0 1707x1067], workarea=[0,0 1707x1019], scale=1.5, rotation=0, panel_rotation=0 external detected
[3908:17732:0120/154843.634:VERBOSE1:media_stream_manager.cc(1533)] MSPL::OnSpeedLimitChange({this=000001FC00156D40}, {new_limit=26})
[3908:17732:0120/154850.637:VERBOSE1:media_stream_manager.cc(1533)] MSPL::OnSpeedLimitChange({this=000001FC00156D40}, {new_limit=27})
[3908:17732:0120/154857.704:VERBOSE1:media_stream_manager.cc(1533)] MSPL::OnSpeedLimitChange({this=000001FC00156D40}, {new_limit=26})
[3908:17732:0120/154858.704:VERBOSE1:media_stream_manager.cc(1533)] MSPL::OnSpeedLimitChange({this=000001FC00156D40}, {new_limit=27})
[3908:33844:0120/154900.459:VERBOSE1:device_event_log_impl.cc(198)] [15:49:00.459] Display: EVENT: screen_win.cc:893 Displays updated, count: 3
[3908:33844:0120/154900.459:VERBOSE1:device_event_log_impl.cc(198)] [15:49:00.459] Display: EVENT: screen_win.cc:895 Display[1796530101] bounds=[-2560,-428 2560x1441], workarea=[-2560,-428 2560x1393], scale=1.5, rotation=0, panel_rotation=0 external detected
[3908:33844:0120/154900.459:VERBOSE1:device_event_log_impl.cc(198)] [15:49:00.459] Display: EVENT: screen_win.cc:895 Display[2612606704] bounds=[-2562,1013 1281x721], workarea=[-2562,1013 1281x673], scale=1.5, rotation=0, panel_rotation=0 external detected
[3908:33844:0120/154900.459:VERBOSE1:device_event_log_impl.cc(198)] [15:49:00.459] Display: EVENT: screen_win.cc:895 Display[277128153] bounds=[0,0 1707x1067], workarea=[0,0 1707x1019], scale=1.5, rotation=0, panel_rotation=0 external detected
[3908:17732:0120/154913.645:VERBOSE1:media_stream_manager.cc(1533)] MSPL::OnSpeedLimitChange({this=000001FC00156D40}, {new_limit=28})
[3908:23592:0120/154921.276:VERBOSE1:background_downloader_win.cc(478)] Starting BITS download for: http://edgedl.me.gvt1.com/edgedl/release2/chrome_component/lnu3li27zsanbe2hcsfjuvm5fq_1.0.7.1744928549/laoigpblnllgcgjnjnllmfolckpjlhki_1.0.7.1744928549_all_ady56p6vtubsna6mhkx6lu2qml3a.crx3
[3908:45800:0120/154925.312:VERBOSE1:unpacker.cc(66)] Verifying component: C:\Users\brian\AppData\Local\Temp\chrome_BITS_3908_1014752730\laoigpblnllgcgjnjnllmfolckpjlhki_1.0.7.1744928549_all_ady56p6vtubsna6mhkx6lu2qml3a.crx3
[3908:45800:0120/154925.313:VERBOSE1:unpacker.cc(95)] Unpacking in: C:\Users\brian\AppData\Local\Temp\chrome_Unpacker_BeginUnzipping3908_613396428
[3908:45800:0120/154925.379:VERBOSE1:component_installer.cc(146)] Install: version=1.0.7.1744928549 current version=0.0.0.0
[3908:45800:0120/154925.379:VERBOSE1:component_installer.cc(165)] unpack_path=C:\Users\brian\AppData\Local\Temp\chrome_Unpacker_BeginUnzipping3908_613396428 install_path=C:\Dev\BBanuelos_GAM305\TeamRepo\GAM-305-Unreal-Project\GAM_305_SideScroller\Saved\webcache_6613\MEIPreload\1.0.7.1744928549
[3908:33844:0120/154925.395:VERBOSE1:component_installer.cc(572)] Component ready, version 1.0.7.1744928549 in C:\Dev\BBanuelos_GAM305\TeamRepo\GAM-305-Unreal-Project\GAM_305_SideScroller\Saved\webcache_6613\MEIPreload\1.0.7.1744928549
[25152:41832:0120/154925.412:VERBOSE1:network_delegate.cc(36)] NetworkDelegate::NotifyBeforeURLRequest: https://update.googleapis.com/service/update2/json
[25152:41832:0120/154925.439:VERBOSE1:tls_handshaker.cc(105)] TlsClient: Continuing handshake
[25152:41832:0120/154925.462:VERBOSE1:tls_handshaker.cc(105)] TlsClient: Continuing handshake
[25152:41832:0120/154925.463:VERBOSE1:tls_handshaker.cc(126)] TlsClient: SSL_do_handshake returned when entering early data. After retry, rv=-1, SSL_in_early_data=1
[25152:41832:0120/154925.479:VERBOSE1:tls_handshaker.cc(105)] TlsClient: Continuing handshake
[25152:41832:0120/154925.479:VERBOSE1:tls_handshaker.cc(105)] TlsClient: Continuing handshake
[25152:41832:0120/154925.479:VERBOSE1:tls_client_handshaker.cc(528)] Client: handshake finished
[3908:33844:0120/154925.546:VERBOSE1:request_sender.cc(183)] Request completed from url: https://update.googleapis.com/service/update2/json
[3908:23592:0120/154925.587:VERBOSE1:background_downloader_win.cc(478)] Starting BITS download for: http://edgedl.me.gvt1.com/edgedl/release2/chrome_component/acbmbunkafryc4v4mxsx4s7vasxa_1557/efniojlnjndmcbiieegkicadnoecjjef_1557_all_adglrrjmyhz75emkgzsia7xzevzq.crx3
[3908:17732:0120/154926.663:VERBOSE1:media_stream_manager.cc(1533)] MSPL::OnSpeedLimitChange({this=000001FC00156D40}, {new_limit=27})
[3908:33844:0120/154929.399:VERBOSE1:device_event_log_impl.cc(198)] [15:49:29.399] Display: EVENT: screen_win.cc:893 Displays updated, count: 3
[3908:33844:0120/154929.399:VERBOSE1:device_event_log_impl.cc(198)] [15:49:29.399] Display: EVENT: screen_win.cc:895 Display[1796530101] bounds=[-2560,-428 2560x1441], workarea=[-2560,-428 2560x1393], scale=1.5, rotation=0, panel_rotation=0 external detected
[3908:33844:0120/154929.399:VERBOSE1:device_event_log_impl.cc(198)] [15:49:29.399] Display: EVENT: screen_win.cc:895 Display[2612606704] bounds=[-2562,1013 1281x721], workarea=[-2562,1013 1281x673], scale=1.5, rotation=0, panel_rotation=0 external detected
[3908:33844:0120/154929.399:VERBOSE1:device_event_log_impl.cc(198)] [15:49:29.399] Display: EVENT: screen_win.cc:895 Display[277128153] bounds=[0,0 1707x1067], workarea=[0,0 1707x1019], scale=1.5, rotation=0, panel_rotation=0 external detected
[3908:45800:0120/154929.707:VERBOSE1:unpacker.cc(66)] Verifying component: C:\Users\brian\AppData\Local\Temp\chrome_BITS_3908_1753176128\efniojlnjndmcbiieegkicadnoecjjef_1557_all_adglrrjmyhz75emkgzsia7xzevzq.crx3
[3908:45800:0120/154929.708:VERBOSE1:unpacker.cc(95)] Unpacking in: C:\Users\brian\AppData\Local\Temp\chrome_Unpacker_BeginUnzipping3908_1206671275
[3908:45800:0120/154929.826:VERBOSE1:component_installer.cc(146)] Install: version=1557 current version=0.0.0.0
[3908:45800:0120/154929.826:VERBOSE1:component_installer.cc(165)] unpack_path=C:\Users\brian\AppData\Local\Temp\chrome_Unpacker_BeginUnzipping3908_1206671275 install_path=C:\Dev\BBanuelos_GAM305\TeamRepo\GAM-305-Unreal-Project\GAM_305_SideScroller\Saved\webcache_6613\PKIMetadata\1557
[3908:33844:0120/154929.840:VERBOSE1:component_installer.cc(572)] Component ready, version 1557 in C:\Dev\BBanuelos_GAM305\TeamRepo\GAM-305-Unreal-Project\GAM_305_SideScroller\Saved\webcache_6613\PKIMetadata\1557
[25152:41832:0120/154929.863:VERBOSE1:network_delegate.cc(36)] NetworkDelegate::NotifyBeforeURLRequest: https://update.googleapis.com/service/update2/json
[25152:41832:0120/154929.863:VERBOSE1:tls_handshaker.cc(105)] TlsClient: Continuing handshake
[25152:41832:0120/154929.891:VERBOSE1:tls_handshaker.cc(105)] TlsClient: Continuing handshake
[25152:41832:0120/154929.891:VERBOSE1:tls_handshaker.cc(126)] TlsClient: SSL_do_handshake returned when entering early data. After retry, rv=-1, SSL_in_early_data=1
[25152:41832:0120/154929.901:VERBOSE1:tls_handshaker.cc(105)] TlsClient: Continuing handshake
[25152:41832:0120/154929.901:VERBOSE1:tls_handshaker.cc(105)] TlsClient: Continuing handshake
[25152:41832:0120/154929.901:VERBOSE1:tls_client_handshaker.cc(528)] Client: handshake finished
[3908:33844:0120/154929.957:VERBOSE1:request_sender.cc(183)] Request completed from url: https://update.googleapis.com/service/update2/json
[3908:23592:0120/154934.377:VERBOSE1:background_downloader_win.cc(478)] Starting BITS download for: http://edgedl.me.gvt1.com/edgedl/release2/chrome_component/pusj5vh3lkssdnng52mdw6khti_3091/jflookgnkcckhobaglndicnbbgbonegd_3091_all_adfb4phbxwqsxsfvrtgwwtg25z6a.crx3
[3908:33844:0120/154938.126:VERBOSE1:device_event_log_impl.cc(198)] [15:49:38.125] Display: EVENT: screen_win.cc:893 Displays updated, count: 3
[3908:33844:0120/154938.126:VERBOSE1:device_event_log_impl.cc(198)] [15:49:38.125] Display: EVENT: screen_win.cc:895 Display[1796530101] bounds=[-2560,-428 2560x1441], workarea=[-2560,-428 2560x1393], scale=1.5, rotation=0, panel_rotation=0 external detected
[3908:33844:0120/154938.126:VERBOSE1:device_event_log_impl.cc(198)] [15:49:38.125] Display: EVENT: screen_win.cc:895 Display[2612606704] bounds=[-2562,1013 1281x721], workarea=[-2562,1013 1281x673], scale=1.5, rotation=0, panel_rotation=0 external detected
[3908:33844:0120/154938.126:VERBOSE1:device_event_log_impl.cc(198)] [15:49:38.125] Display: EVENT: screen_win.cc:895 Display[277128153] bounds=[0,0 1707x1067], workarea=[0,0 1707x1019], scale=1.5, rotation=0, panel_rotation=0 external detected
[3908:45800:0120/154938.451:VERBOSE1:unpacker.cc(66)] Verifying component: C:\Users\brian\AppData\Local\Temp\chrome_BITS_3908_627735911\jflookgnkcckhobaglndicnbbgbonegd_3091_all_adfb4phbxwqsxsfvrtgwwtg25z6a.crx3
[3908:45800:0120/154938.452:VERBOSE1:unpacker.cc(95)] Unpacking in: C:\Users\brian\AppData\Local\Temp\chrome_Unpacker_BeginUnzipping3908_1894008336
[3908:45800:0120/154938.537:VERBOSE1:component_installer.cc(146)] Install: version=3091 current version=0.0.0.0
[3908:45800:0120/154938.537:VERBOSE1:component_installer.cc(165)] unpack_path=C:\Users\brian\AppData\Local\Temp\chrome_Unpacker_BeginUnzipping3908_1894008336 install_path=C:\Dev\BBanuelos_GAM305\TeamRepo\GAM-305-Unreal-Project\GAM_305_SideScroller\Saved\webcache_6613\SafetyTips\3091
[3908:33844:0120/154938.551:VERBOSE1:component_installer.cc(572)] Component ready, version 3091 in C:\Dev\BBanuelos_GAM305\TeamRepo\GAM-305-Unreal-Project\GAM_305_SideScroller\Saved\webcache_6613\SafetyTips\3091
[25152:41832:0120/154938.570:VERBOSE1:network_delegate.cc(36)] NetworkDelegate::NotifyBeforeURLRequest: https://update.googleapis.com/service/update2/json
[3908:33844:0120/154938.620:VERBOSE1:request_sender.cc(183)] Request completed from url: https://update.googleapis.com/service/update2/json
